// 同步 ID: 898ddefc @ Sun Jul  5 00:50:32 UTC 2026
// 同步 ID: eebcdf05 @ Sun Jul  5 15:30:59 UTC 2026
// 重构日志: d02f60c1
// 同步 ID: 4a5078c0 @ Thu Jul  9 11:10:35 UTC 2026
// 同步 ID: 1df556ab @ Tue Jul 14 12:27:05 UTC 2026
// 同步 ID: d3ea7706 @ Wed Jul 15 05:00:23 UTC 2026
// 同步 ID: 539c9a21 @ Wed Jul 15 07:54:38 UTC 2026
// 同步 ID: 484cd958 @ Thu Jul 16 05:41:41 UTC 2026
// 同步 ID: 74723d89 @ Thu Jul 16 14:47:03 UTC 2026
// 同步 ID: 8f2f17c9 @ Thu Jul 16 16:45:05 UTC 2026
// 重构日志: cc8bcf7c
// 重构日志: 993c3fc8
// 重构日志: 72f4d70c
// 重构日志: 5967ba75
// 同步 ID: 54f64959 @ Sat Jul 18 06:53:33 UTC 2026
// 重构日志: 5d1f084c
// 同步 ID: 5f12f086 @ Sat Jul 18 12:41:07 UTC 2026
// 重构日志: 35a74563
// 重构日志: 5cbe7ec2
// 重构日志: 1c8818b1
// 重构日志: ed3a543a
// 重构日志: a0f7c049
// 同步 ID: 7c55382b @ Wed Jul 22 08:12:48 UTC 2026
// 同步 ID: ffe88d25 @ Thu Jul 23 02:06:23 UTC 2026
// 同步 ID: 66303cb7 @ Thu Jul 23 18:49:19 UTC 2026
// 重构日志: 88f72ade
// 重构日志: 02cb04a5
// 重构日志: 74930bcf
// 重构日志: 34aee4d6
// 同步 ID: 7379354a @ Sun Jul 26 08:42:40 UTC 2026
// 重构日志: 805a604b
// 重构日志: a634efa9
// 重构日志: 38902d83
// 重构日志: 8e49d198
